21:22:23 **** Incremental Build of configuration Debug for project UART_JSON ****
make -j4 all 
arm-none-eabi-gcc "../Core/Src/main.c" -mcpu=cortex-m3 -std=gnu11 -g3 -DDEBUG -DUSE_HAL_DRIVER -DSTM32F103xB -c -I../Core/Inc -I../Drivers/STM32F1xx_HAL_Driver/Inc -I../Drivers/STM32F1xx_HAL_Driver/Inc/Legacy -I../Drivers/CMSIS/Device/ST/STM32F1xx/Include -I../Drivers/CMSIS/Include -O0 -ffunction-sections -fdata-sections -Wall -fstack-usage -MMD -MP -MF"Core/Src/main.d" -MT"Core/Src/main.o" --specs=nano.specs -mfloat-abi=soft -mthumb -o "Core/Src/main.o"
arm-none-eabi-gcc -o "UART_JSON.elf" @"objects.list"   -mcpu=cortex-m3 -T"E:\STM32\workspace_1.6.1\UART_JSON\STM32F103C8TX_FLASH.ld" --specs=nosys.specs -Wl,-Map="UART_JSON.map" -Wl,--gc-sections -static --specs=nano.specs -mfloat-abi=soft -mthumb -Wl,--start-group -lc -lm -Wl,--end-group
Finished building target: UART_JSON.elf
 
arm-none-eabi-objdump -h -S  UART_JSON.elf  > "UART_JSON.list"
arm-none-eabi-objcopy  -O binary  UART_JSON.elf  "UART_JSON.bin"
arm-none-eabi-size   UART_JSON.elf 
   text	   data	    bss	    dec	    hex	filename
  32468	    500	   2180	  35148	   894c	UART_JSON.elf
Finished building: default.size.stdout
 
Finished building: UART_JSON.bin
 
Finished building: UART_JSON.list
 

21:22:27 Build Finished. 0 errors, 0 warnings. (took 3s.211ms)

