rc522.c:38:9:SPI1SendByte	32	static
rc522.c:57:6:SPI1_WriteReg	16	static
rc522.c:64:9:SPI1_ReadReg	24	static
rc522.c:74:6:MFRC522_WriteRegister	16	static
rc522.c:79:9:MFRC522_ReadRegister	24	static
rc522.c:87:9:MFRC522_Check	24	static
rc522.c:95:9:MFRC522_Compare	24	static
rc522.c:103:6:MFRC522_SetBitMask	16	static
rc522.c:107:6:MFRC522_ClearBitMask	16	static
rc522.c:111:9:MFRC522_Request	32	static
rc522.c:122:9:MFRC522_ToCard	40	static
rc522.c:185:9:MFRC522_Anticoll	32	static
rc522.c:203:6:MFRC522_CalculateCRC	40	static
rc522.c:226:9:MFRC522_SelectTag	40	static
rc522.c:242:9:MFRC522_Auth	48	static
rc522.c:258:9:MFRC522_Read	32	static
rc522.c:270:9:MFRC522_Write	48	static
rc522.c:290:6:MFRC522_Reset	8	static
rc522.c:293:6:MFRC522_Init	8	static
rc522.c:305:6:MFRC522_AntennaOn	16	static
rc522.c:312:6:MFRC522_AntennaOff	8	static
rc522.c:316:6:MFRC522_Halt	24	static
