lcd_16x2.c:30:6:Lcd_Init	8	static
lcd_16x2.c:46:6:Lcd_write_int	32	static
lcd_16x2.c:59:6:Lcd_write_string	32	static
lcd_16x2.c:74:6:Lcd_clear_display	8	static
lcd_16x2.c:86:6:Lcd_create_custom_char	24	static
lcd_16x2.c:110:6:Lcd_gotoxy	16	static
lcd_16x2.c:130:6:Lcd_write_custom_char	16	static
lcd_16x2.c:144:6:Lcd_clear_xy	16	static
lcd_16x2.c:161:7:Lcd_configure	40	static
lcd_16x2.c:227:6:lcd_write_command	16	static
lcd_16x2.c:236:6:lcd_write_data	16	static
lcd_16x2.c:245:6:lcd_write	24	static
