main.c:77:1:__io_putchar	16	static
main.c:123:6:senddata	40	static
main.c:179:6:XulyJson	16	static
main.c:216:6:HAL_TIM_PeriodElapsedCallback	24	static
main.c:240:6:HAL_UART_RxCpltCallback	24	static
main.c:258:6:HAL_ADC_ConvCpltCallback	16	static
main.c:269:5:main	24	static
main.c:326:6:SystemClock_Config	88	static
main.c:372:13:MX_ADC1_Init	24	static
main.c:417:13:MX_SPI1_Init	8	static
main.c:455:13:MX_TIM1_Init	32	static
main.c:501:13:MX_USART1_UART_Init	8	static
main.c:534:13:MX_GPIO_Init	40	static
main.c:584:6:Error_Handler	4	static,ignoring_inline_asm
