rc522.c:36:9:SPI1SendByte	32	static
rc522.c:55:6:SPI1_WriteReg	16	static
rc522.c:62:9:SPI1_ReadReg	24	static
rc522.c:72:6:MFRC522_WriteRegister	16	static
rc522.c:77:9:MFRC522_ReadRegister	24	static
rc522.c:85:9:MFRC522_Check	24	static
rc522.c:93:9:MFRC522_Compare	24	static
rc522.c:101:6:MFRC522_SetBitMask	16	static
rc522.c:105:6:MFRC522_ClearBitMask	16	static
rc522.c:109:9:MFRC522_Request	32	static
rc522.c:120:9:MFRC522_ToCard	40	static
rc522.c:183:9:MFRC522_Anticoll	32	static
rc522.c:201:6:MFRC522_CalculateCRC	40	static
rc522.c:224:9:MFRC522_SelectTag	40	static
rc522.c:240:9:MFRC522_Auth	48	static
rc522.c:256:9:MFRC522_Read	32	static
rc522.c:268:9:MFRC522_Write	48	static
rc522.c:288:6:MFRC522_Reset	8	static
rc522.c:291:6:MFRC522_Init	8	static
rc522.c:303:6:MFRC522_AntennaOn	16	static
rc522.c:310:6:MFRC522_AntennaOff	8	static
rc522.c:314:6:MFRC522_Halt	24	static
